PACKAGE_NAME='@verifrax/corpiform'
PACKAGE_VERSION='0.1.7'
PACKAGE_PRIVATE='false'
PACKAGE_LICENSE='AGPL-3.0'
PACKAGE_BIN_NAME='corpiform'
PACKAGE_BIN_PATH='bin/corpiform'
README_VERSION='v0.1.7'
README_STATE='PRE-FINAL EXECUTION SURFACE'
README_RELEASE_TYPE='PUBLIC PRE-SEAL'
README_AUTHORITY_MODEL='EXTERNAL (AUCTORISEAL-GOVERNED)'
README_COMPATIBILITY='GUARANTEED WITHIN RECORDED EXECUTION BOUNDARY (artifact-0004)'
STATUS_VERSION='v0.1.7'
SCOPE_VERSION='v0.1.7'
CONTRACT_VERSION='v0.1.7'
AUTHORITY_VERSION='v0.1.7'
VERSION_VERSION='v0.1.7'
TAG_BOUNDARY_FILE='.verifrax/tags/v0.1.7.txt'
NPM_PACKAGE='@verifrax/corpiform'
LICENSE_ID='AGPL-3.0'
